device: cuda
  [Transfer] Loading previous stage checkpoint from checkpoints/mappo_s0
  [Transfer] Shape mismatch for critic.0.weight: checkpoint torch.Size([64, 135]) vs model torch.Size([64, 306]). Reinitializing.
  [Transfer] Loaded 11 matching layers from checkpoints/mappo_s0/policy.pt
  [Exploration] RND Module initialized.
num_updates: 323
[2026-08-08 23:51:52 UTC] Training started: run_name=mappo_s1, total_timesteps=663288
update=1 step=256 sps=87 mean_reward=-0.9359
update=2 step=512 sps=93 mean_reward=-0.8325
update=3 step=768 sps=94 mean_reward=-0.8050
update=4 step=1024 sps=93 mean_reward=-0.9169
update=5 step=1280 sps=93 mean_reward=-0.8642
update=6 step=1536 sps=93 mean_reward=-0.9795
update=7 step=1792 sps=93 mean_reward=-0.7700
update=8 step=2048 sps=93 mean_reward=-0.9058
update=9 step=2304 sps=93 mean_reward=-0.8237
update=10 step=2560 sps=93 mean_reward=-0.9306
update=11 step=2816 sps=93 mean_reward=-0.9156
update=12 step=3072 sps=93 mean_reward=-0.8903
update=13 step=3328 sps=93 mean_reward=-0.9189
update=14 step=3584 sps=93 mean_reward=-0.8555
update=15 step=3840 sps=93 mean_reward=-0.9352
update=16 step=4096 sps=93 mean_reward=-0.9230
update=17 step=4352 sps=93 mean_reward=-1.0022
update=18 step=4608 sps=93 mean_reward=-0.8678
update=19 step=4864 sps=93 mean_reward=-0.8282
update=20 step=5120 sps=93 mean_reward=-0.8646
  eval@5120: win_rate=0.000 return=-9.171 len=10.8
update=21 step=5376 sps=91 mean_reward=-0.8231
update=22 step=5632 sps=91 mean_reward=-0.8912
update=23 step=5888 sps=91 mean_reward=-0.9641
update=24 step=6144 sps=91 mean_reward=-0.8681
update=25 step=6400 sps=91 mean_reward=-0.8089
update=26 step=6656 sps=91 mean_reward=-0.9549
update=27 step=6912 sps=92 mean_reward=-0.8387
update=28 step=7168 sps=92 mean_reward=-0.8818
update=29 step=7424 sps=92 mean_reward=-0.9241
update=30 step=7680 sps=92 mean_reward=-0.8923
update=31 step=7936 sps=92 mean_reward=-0.8616
update=32 step=8192 sps=92 mean_reward=-0.9138
update=33 step=8448 sps=93 mean_reward=-0.7662
update=34 step=8704 sps=93 mean_reward=-0.8324
update=35 step=8960 sps=93 mean_reward=-0.8232
update=36 step=9216 sps=93 mean_reward=-0.9265
update=37 step=9472 sps=93 mean_reward=-0.7930
update=38 step=9728 sps=93 mean_reward=-0.8042
update=39 step=9984 sps=93 mean_reward=-0.9684
update=40 step=10240 sps=94 mean_reward=-0.8426
  eval@10240: win_rate=0.050 return=-8.048 len=11.5
update=41 step=10496 sps=93 mean_reward=-0.8560
update=42 step=10752 sps=93 mean_reward=-0.9499
update=43 step=11008 sps=93 mean_reward=-0.8497
update=44 step=11264 sps=93 mean_reward=-0.8991
update=45 step=11520 sps=93 mean_reward=-0.8512
update=46 step=11776 sps=93 mean_reward=-0.8595
update=47 step=12032 sps=93 mean_reward=-0.8726
update=48 step=12288 sps=94 mean_reward=-0.7672
update=49 step=12544 sps=94 mean_reward=-0.8274
update=50 step=12800 sps=94 mean_reward=-0.7760
update=51 step=13056 sps=94 mean_reward=-0.7819
update=52 step=13312 sps=94 mean_reward=-0.8337
update=53 step=13568 sps=94 mean_reward=-0.8377
update=54 step=13824 sps=94 mean_reward=-0.7295
update=55 step=14080 sps=94 mean_reward=-0.9574
update=56 step=14336 sps=94 mean_reward=-0.9391
update=57 step=14592 sps=94 mean_reward=-0.8624
update=58 step=14848 sps=94 mean_reward=-0.8637
update=59 step=15104 sps=94 mean_reward=-0.7813
update=60 step=15360 sps=94 mean_reward=-0.8119
  eval@15360: win_rate=0.050 return=-7.950 len=12.4
update=61 step=15616 sps=94 mean_reward=-0.7929
update=62 step=15872 sps=94 mean_reward=-0.8926
update=63 step=16128 sps=94 mean_reward=-0.8546
update=64 step=16384 sps=94 mean_reward=-0.8396
update=65 step=16640 sps=94 mean_reward=-0.8259
update=66 step=16896 sps=94 mean_reward=-0.9229
update=67 step=17152 sps=94 mean_reward=-0.7804
update=68 step=17408 sps=94 mean_reward=-0.8241
update=69 step=17664 sps=94 mean_reward=-0.8728
update=70 step=17920 sps=94 mean_reward=-0.8695
update=71 step=18176 sps=94 mean_reward=-0.8496
update=72 step=18432 sps=94 mean_reward=-0.8238
update=73 step=18688 sps=94 mean_reward=-0.8314
update=74 step=18944 sps=94 mean_reward=-0.7850
update=75 step=19200 sps=94 mean_reward=-0.8299
update=76 step=19456 sps=94 mean_reward=-0.8513
update=77 step=19712 sps=94 mean_reward=-0.8637
update=78 step=19968 sps=94 mean_reward=-0.8644
update=79 step=20224 sps=94 mean_reward=-0.8360
update=80 step=20480 sps=95 mean_reward=-0.8643
  eval@20480: win_rate=0.050 return=-7.950 len=12.4
update=81 step=20736 sps=94 mean_reward=-0.9674
update=82 step=20992 sps=94 mean_reward=-0.8580
update=83 step=21248 sps=94 mean_reward=-0.9767
update=84 step=21504 sps=94 mean_reward=-0.8615
update=85 step=21760 sps=94 mean_reward=-0.8831
update=86 step=22016 sps=94 mean_reward=-0.8980
update=87 step=22272 sps=94 mean_reward=-0.9010
update=88 step=22528 sps=94 mean_reward=-0.8808
update=89 step=22784 sps=94 mean_reward=-0.8395
update=90 step=23040 sps=94 mean_reward=-0.8809
update=91 step=23296 sps=94 mean_reward=-0.8202
update=92 step=23552 sps=94 mean_reward=-0.8314
update=93 step=23808 sps=95 mean_reward=-0.9026
update=94 step=24064 sps=94 mean_reward=-0.9788
update=95 step=24320 sps=94 mean_reward=-0.8745
update=96 step=24576 sps=94 mean_reward=-0.9355
update=97 step=24832 sps=94 mean_reward=-0.8333
update=98 step=25088 sps=95 mean_reward=-0.9147
update=99 step=25344 sps=95 mean_reward=-0.8084
update=100 step=25600 sps=95 mean_reward=-0.8671
  eval@25600: win_rate=0.050 return=-7.905 len=11.1
update=101 step=25856 sps=94 mean_reward=-0.8567
update=102 step=26112 sps=94 mean_reward=-0.8688
update=103 step=26368 sps=94 mean_reward=-0.8502
update=104 step=26624 sps=94 mean_reward=-0.9076
update=105 step=26880 sps=94 mean_reward=-0.8873
update=106 step=27136 sps=94 mean_reward=-0.7171
update=107 step=27392 sps=94 mean_reward=-0.8208
update=108 step=27648 sps=94 mean_reward=-0.7628
update=109 step=27904 sps=94 mean_reward=-0.7222
update=110 step=28160 sps=95 mean_reward=-0.7014
update=111 step=28416 sps=95 mean_reward=-0.8412
update=112 step=28672 sps=95 mean_reward=-0.9007
update=113 step=28928 sps=95 mean_reward=-0.7970
update=114 step=29184 sps=95 mean_reward=-0.7710
update=115 step=29440 sps=95 mean_reward=-0.8074
update=116 step=29696 sps=95 mean_reward=-0.7313
update=117 step=29952 sps=95 mean_reward=-0.8163
update=118 step=30208 sps=95 mean_reward=-0.8129
update=119 step=30464 sps=95 mean_reward=-0.8548
update=120 step=30720 sps=95 mean_reward=-0.7882
  eval@30720: win_rate=0.050 return=-7.738 len=10.5
update=121 step=30976 sps=95 mean_reward=-0.8494
update=122 step=31232 sps=95 mean_reward=-0.8185
update=123 step=31488 sps=95 mean_reward=-0.7469
update=124 step=31744 sps=95 mean_reward=-0.7513
update=125 step=32000 sps=95 mean_reward=-0.8228
update=126 step=32256 sps=95 mean_reward=-0.7396
update=127 step=32512 sps=95 mean_reward=-0.7419
update=128 step=32768 sps=95 mean_reward=-0.7942
update=129 step=33024 sps=95 mean_reward=-0.6927
update=130 step=33280 sps=95 mean_reward=-0.7964
update=131 step=33536 sps=95 mean_reward=-0.8803
update=132 step=33792 sps=95 mean_reward=-0.7956
update=133 step=34048 sps=95 mean_reward=-0.8292
update=134 step=34304 sps=95 mean_reward=-0.8157
update=135 step=34560 sps=95 mean_reward=-0.7610
update=136 step=34816 sps=95 mean_reward=-0.8134
update=137 step=35072 sps=95 mean_reward=-0.7803
update=138 step=35328 sps=95 mean_reward=-0.8020
update=139 step=35584 sps=95 mean_reward=-0.8462
update=140 step=35840 sps=95 mean_reward=-0.8038
  eval@35840: win_rate=0.050 return=-7.723 len=10.8
update=141 step=36096 sps=95 mean_reward=-0.8025
update=142 step=36352 sps=95 mean_reward=-0.8536
update=143 step=36608 sps=95 mean_reward=-0.8654
update=144 step=36864 sps=95 mean_reward=-0.7700
update=145 step=37120 sps=95 mean_reward=-0.8756
update=146 step=37376 sps=95 mean_reward=-0.8307
update=147 step=37632 sps=95 mean_reward=-0.7514
update=148 step=37888 sps=95 mean_reward=-0.7793
update=149 step=38144 sps=95 mean_reward=-0.7980
update=150 step=38400 sps=95 mean_reward=-0.8584
update=151 step=38656 sps=95 mean_reward=-0.9177
update=152 step=38912 sps=95 mean_reward=-0.9316
update=153 step=39168 sps=95 mean_reward=-0.7489
update=154 step=39424 sps=95 mean_reward=-0.8189
update=155 step=39680 sps=95 mean_reward=-0.8072
update=156 step=39936 sps=95 mean_reward=-0.8014
update=157 step=40192 sps=95 mean_reward=-0.6921
update=158 step=40448 sps=95 mean_reward=-0.7455
update=159 step=40704 sps=95 mean_reward=-0.7908
update=160 step=40960 sps=95 mean_reward=-0.7178
  eval@40960: win_rate=0.050 return=-7.637 len=11.9
update=161 step=41216 sps=95 mean_reward=-0.6371
update=162 step=41472 sps=95 mean_reward=-0.7855
update=163 step=41728 sps=95 mean_reward=-0.8174
update=164 step=41984 sps=94 mean_reward=-0.7163
update=165 step=42240 sps=94 mean_reward=-0.8321
update=166 step=42496 sps=94 mean_reward=-0.7519
update=167 step=42752 sps=94 mean_reward=-0.7764
update=168 step=43008 sps=94 mean_reward=-0.7756
update=169 step=43264 sps=94 mean_reward=-0.7786
update=170 step=43520 sps=93 mean_reward=-0.8104
update=171 step=43776 sps=93 mean_reward=-0.7344
update=172 step=44032 sps=93 mean_reward=-0.7131
update=173 step=44288 sps=93 mean_reward=-0.8123
update=174 step=44544 sps=93 mean_reward=-0.6984
update=175 step=44800 sps=93 mean_reward=-0.7353
update=176 step=45056 sps=93 mean_reward=-0.7565
update=177 step=45312 sps=92 mean_reward=-0.7269
update=178 step=45568 sps=92 mean_reward=-0.7787
update=179 step=45824 sps=92 mean_reward=-0.7824
update=180 step=46080 sps=92 mean_reward=-0.7439
  eval@46080: win_rate=0.050 return=-7.770 len=10.9
update=181 step=46336 sps=92 mean_reward=-0.8512
update=182 step=46592 sps=92 mean_reward=-0.7435
update=183 step=46848 sps=92 mean_reward=-0.7658
update=184 step=47104 sps=91 mean_reward=-0.7933
update=185 step=47360 sps=91 mean_reward=-0.7003
update=186 step=47616 sps=91 mean_reward=-0.6830
update=187 step=47872 sps=91 mean_reward=-0.7114
update=188 step=48128 sps=91 mean_reward=-0.7344
update=189 step=48384 sps=91 mean_reward=-0.7793
update=190 step=48640 sps=91 mean_reward=-0.6748
update=191 step=48896 sps=91 mean_reward=-0.8168
update=192 step=49152 sps=90 mean_reward=-0.8407
update=193 step=49408 sps=90 mean_reward=-0.7714
update=194 step=49664 sps=90 mean_reward=-0.7910
update=195 step=49920 sps=90 mean_reward=-0.7417
update=196 step=50176 sps=90 mean_reward=-0.8617
update=197 step=50432 sps=90 mean_reward=-0.7745
update=198 step=50688 sps=90 mean_reward=-0.7670
update=199 step=50944 sps=90 mean_reward=-0.7031
update=200 step=51200 sps=90 mean_reward=-0.7527
  eval@51200: win_rate=0.050 return=-7.752 len=11.8
update=201 step=51456 sps=88 mean_reward=-0.7406
update=202 step=51712 sps=88 mean_reward=-0.7504
update=203 step=51968 sps=88 mean_reward=-0.7363
update=204 step=52224 sps=88 mean_reward=-0.7084
update=205 step=52480 sps=88 mean_reward=-0.7304
update=206 step=52736 sps=88 mean_reward=-0.7517
update=207 step=52992 sps=88 mean_reward=-0.7637
update=208 step=53248 sps=88 mean_reward=-0.6745
update=209 step=53504 sps=88 mean_reward=-0.7338
update=210 step=53760 sps=88 mean_reward=-0.6934
update=211 step=54016 sps=88 mean_reward=-0.7926
update=212 step=54272 sps=88 mean_reward=-0.7235
update=213 step=54528 sps=88 mean_reward=-0.7586
update=214 step=54784 sps=87 mean_reward=-0.7650
update=215 step=55040 sps=87 mean_reward=-0.7758
update=216 step=55296 sps=87 mean_reward=-0.6963
update=217 step=55552 sps=87 mean_reward=-0.8285
update=218 step=55808 sps=87 mean_reward=-0.7787
update=219 step=56064 sps=87 mean_reward=-0.7774
update=220 step=56320 sps=87 mean_reward=-0.6512
  eval@56320: win_rate=0.050 return=-7.817 len=11.7
update=221 step=56576 sps=87 mean_reward=-0.7904
update=222 step=56832 sps=87 mean_reward=-0.8028
update=223 step=57088 sps=87 mean_reward=-0.7459
update=224 step=57344 sps=87 mean_reward=-0.7702
update=225 step=57600 sps=86 mean_reward=-0.7673
update=226 step=57856 sps=86 mean_reward=-0.7819
update=227 step=58112 sps=86 mean_reward=-0.7738
update=228 step=58368 sps=86 mean_reward=-0.8187
update=229 step=58624 sps=86 mean_reward=-0.8299
update=230 step=58880 sps=86 mean_reward=-0.7858
update=231 step=59136 sps=86 mean_reward=-0.7676
update=232 step=59392 sps=86 mean_reward=-0.7658
update=233 step=59648 sps=86 mean_reward=-0.7172
update=234 step=59904 sps=86 mean_reward=-0.6740
update=235 step=60160 sps=86 mean_reward=-0.7998
update=236 step=60416 sps=86 mean_reward=-0.8223
update=237 step=60672 sps=86 mean_reward=-0.7931
update=238 step=60928 sps=86 mean_reward=-0.7353
update=239 step=61184 sps=86 mean_reward=-0.7457
update=240 step=61440 sps=85 mean_reward=-0.7835
  eval@61440: win_rate=0.050 return=-7.584 len=12.7
update=241 step=61696 sps=85 mean_reward=-0.7603
update=242 step=61952 sps=85 mean_reward=-0.7983
update=243 step=62208 sps=85 mean_reward=-0.8377
update=244 step=62464 sps=85 mean_reward=-0.7117
update=245 step=62720 sps=85 mean_reward=-0.8221
update=246 step=62976 sps=85 mean_reward=-0.7975
update=247 step=63232 sps=85 mean_reward=-0.8543
update=248 step=63488 sps=85 mean_reward=-0.7756
update=249 step=63744 sps=85 mean_reward=-0.7140
update=250 step=64000 sps=85 mean_reward=-0.7477
update=251 step=64256 sps=85 mean_reward=-0.7709
update=252 step=64512 sps=85 mean_reward=-0.8010
update=253 step=64768 sps=85 mean_reward=-0.7259
update=254 step=65024 sps=85 mean_reward=-0.8089
update=255 step=65280 sps=85 mean_reward=-0.7211
update=256 step=65536 sps=85 mean_reward=-0.7244
update=257 step=65792 sps=84 mean_reward=-0.6694
update=258 step=66048 sps=84 mean_reward=-0.8245
update=259 step=66304 sps=84 mean_reward=-0.7780
update=260 step=66560 sps=84 mean_reward=-0.6971
  eval@66560: win_rate=0.050 return=-7.621 len=12.7
update=261 step=66816 sps=84 mean_reward=-0.8617
update=262 step=67072 sps=84 mean_reward=-0.6785
update=263 step=67328 sps=84 mean_reward=-0.7833
update=264 step=67584 sps=84 mean_reward=-0.7875
update=265 step=67840 sps=84 mean_reward=-0.7691
update=266 step=68096 sps=84 mean_reward=-0.7504
update=267 step=68352 sps=84 mean_reward=-0.7812
update=268 step=68608 sps=84 mean_reward=-0.7117
update=269 step=68864 sps=84 mean_reward=-0.7977
update=270 step=69120 sps=84 mean_reward=-0.7591
update=271 step=69376 sps=84 mean_reward=-0.7029
update=272 step=69632 sps=84 mean_reward=-0.7134
update=273 step=69888 sps=84 mean_reward=-0.7485
update=274 step=70144 sps=84 mean_reward=-0.7808
update=275 step=70400 sps=84 mean_reward=-0.6230
update=276 step=70656 sps=84 mean_reward=-0.7156
update=277 step=70912 sps=84 mean_reward=-0.8099
update=278 step=71168 sps=83 mean_reward=-0.7489
update=279 step=71424 sps=83 mean_reward=-0.7467
update=280 step=71680 sps=83 mean_reward=-0.7422
  eval@71680: win_rate=0.050 return=-7.546 len=12.7
update=281 step=71936 sps=83 mean_reward=-0.8759
update=282 step=72192 sps=83 mean_reward=-0.6886
update=283 step=72448 sps=83 mean_reward=-0.6721
update=284 step=72704 sps=83 mean_reward=-0.7813
update=285 step=72960 sps=83 mean_reward=-0.6774
update=286 step=73216 sps=83 mean_reward=-0.7211
update=287 step=73472 sps=83 mean_reward=-0.7261
update=288 step=73728 sps=83 mean_reward=-0.7574
update=289 step=73984 sps=83 mean_reward=-0.7779
update=290 step=74240 sps=83 mean_reward=-0.7985
update=291 step=74496 sps=83 mean_reward=-0.7514
update=292 step=74752 sps=83 mean_reward=-0.7712
update=293 step=75008 sps=83 mean_reward=-0.7629
update=294 step=75264 sps=83 mean_reward=-0.8391
update=295 step=75520 sps=83 mean_reward=-0.7832
update=296 step=75776 sps=83 mean_reward=-0.7017
update=297 step=76032 sps=83 mean_reward=-0.7869
update=298 step=76288 sps=83 mean_reward=-0.5412
update=299 step=76544 sps=83 mean_reward=-0.8204
update=300 step=76800 sps=83 mean_reward=-0.7265
  eval@76800: win_rate=0.050 return=-7.621 len=12.7
update=301 step=77056 sps=82 mean_reward=-0.8145
update=302 step=77312 sps=82 mean_reward=-0.7219
update=303 step=77568 sps=82 mean_reward=-0.6958
update=304 step=77824 sps=82 mean_reward=-0.8308
update=305 step=78080 sps=82 mean_reward=-0.7806
update=306 step=78336 sps=82 mean_reward=-0.7208
update=307 step=78592 sps=82 mean_reward=-0.7265
update=308 step=78848 sps=82 mean_reward=-0.7688
update=309 step=79104 sps=82 mean_reward=-0.7812
update=310 step=79360 sps=82 mean_reward=-0.7137
update=311 step=79616 sps=82 mean_reward=-0.7181
update=312 step=79872 sps=82 mean_reward=-0.7843
update=313 step=80128 sps=82 mean_reward=-0.6261
update=314 step=80384 sps=82 mean_reward=-0.6458
update=315 step=80640 sps=82 mean_reward=-0.7961
update=316 step=80896 sps=82 mean_reward=-0.7547
update=317 step=81152 sps=82 mean_reward=-0.8077
update=318 step=81408 sps=82 mean_reward=-0.7949
update=319 step=81664 sps=82 mean_reward=-0.7388
update=320 step=81920 sps=82 mean_reward=-0.7385
  eval@81920: win_rate=0.050 return=-7.765 len=12.0
update=321 step=82176 sps=82 mean_reward=-0.8387
update=322 step=82432 sps=82 mean_reward=-0.7021
update=323 step=82688 sps=82 mean_reward=-0.8658
  eval@82688: win_rate=0.050 return=-7.765 len=12.0
[2026-08-09 00:08:39 UTC] training done in 1007.2s (16.8 min).
